// Jest Snapshot v1, https://goo.gl/fbAQLP

exports[`BtnClearBoard renders button clear board 1`] = `
<button
  className="btn btn-clear"
  onClick={[MockFunction]}
>
  Очистить
</button>
`;
