// Jest Snapshot v1, https://goo.gl/fbAQLP

exports[`Cell renders button for  1`] = `ReactWrapper {}`;
